Archive member included to satisfy reference by file (symbol)

a:/atmel studio/7.0/toolchain/avr8/avr8-gnu-toolchain/bin/../lib/gcc/avr/5.4.0/../../../../avr/lib/avr5\libm.a(addsf3.o)
                              HAL/PWM/src/PWM.o (__subsf3)
a:/atmel studio/7.0/toolchain/avr8/avr8-gnu-toolchain/bin/../lib/gcc/avr/5.4.0/../../../../avr/lib/avr5\libm.a(addsf3x.o)
                              a:/atmel studio/7.0/toolchain/avr8/avr8-gnu-toolchain/bin/../lib/gcc/avr/5.4.0/../../../../avr/lib/avr5\libm.a(addsf3.o) (__addsf3x)
a:/atmel studio/7.0/toolchain/avr8/avr8-gnu-toolchain/bin/../lib/gcc/avr/5.4.0/../../../../avr/lib/avr5\libm.a(divsf3.o)
                              HAL/PWM/src/PWM.o (__divsf3)
a:/atmel studio/7.0/toolchain/avr8/avr8-gnu-toolchain/bin/../lib/gcc/avr/5.4.0/../../../../avr/lib/avr5\libm.a(divsf3x.o)
                              a:/atmel studio/7.0/toolchain/avr8/avr8-gnu-toolchain/bin/../lib/gcc/avr/5.4.0/../../../../avr/lib/avr5\libm.a(divsf3.o) (__divsf3x)
a:/atmel studio/7.0/toolchain/avr8/avr8-gnu-toolchain/bin/../lib/gcc/avr/5.4.0/../../../../avr/lib/avr5\libm.a(fixunssfsi.o)
                              HAL/PWM/src/PWM.o (__fixunssfsi)
a:/atmel studio/7.0/toolchain/avr8/avr8-gnu-toolchain/bin/../lib/gcc/avr/5.4.0/../../../../avr/lib/avr5\libm.a(floatsisf.o)
                              HAL/PWM/src/PWM.o (__floatunsisf)
a:/atmel studio/7.0/toolchain/avr8/avr8-gnu-toolchain/bin/../lib/gcc/avr/5.4.0/../../../../avr/lib/avr5\libm.a(fp_inf.o)
                              a:/atmel studio/7.0/toolchain/avr8/avr8-gnu-toolchain/bin/../lib/gcc/avr/5.4.0/../../../../avr/lib/avr5\libm.a(addsf3x.o) (__fp_inf)
a:/atmel studio/7.0/toolchain/avr8/avr8-gnu-toolchain/bin/../lib/gcc/avr/5.4.0/../../../../avr/lib/avr5\libm.a(fp_nan.o)
                              a:/atmel studio/7.0/toolchain/avr8/avr8-gnu-toolchain/bin/../lib/gcc/avr/5.4.0/../../../../avr/lib/avr5\libm.a(addsf3x.o) (__fp_nan)
a:/atmel studio/7.0/toolchain/avr8/avr8-gnu-toolchain/bin/../lib/gcc/avr/5.4.0/../../../../avr/lib/avr5\libm.a(fp_pscA.o)
                              a:/atmel studio/7.0/toolchain/avr8/avr8-gnu-toolchain/bin/../lib/gcc/avr/5.4.0/../../../../avr/lib/avr5\libm.a(addsf3x.o) (__fp_pscA)
a:/atmel studio/7.0/toolchain/avr8/avr8-gnu-toolchain/bin/../lib/gcc/avr/5.4.0/../../../../avr/lib/avr5\libm.a(fp_pscB.o)
                              a:/atmel studio/7.0/toolchain/avr8/avr8-gnu-toolchain/bin/../lib/gcc/avr/5.4.0/../../../../avr/lib/avr5\libm.a(addsf3x.o) (__fp_pscB)
a:/atmel studio/7.0/toolchain/avr8/avr8-gnu-toolchain/bin/../lib/gcc/avr/5.4.0/../../../../avr/lib/avr5\libm.a(fp_round.o)
                              a:/atmel studio/7.0/toolchain/avr8/avr8-gnu-toolchain/bin/../lib/gcc/avr/5.4.0/../../../../avr/lib/avr5\libm.a(addsf3.o) (__fp_round)
a:/atmel studio/7.0/toolchain/avr8/avr8-gnu-toolchain/bin/../lib/gcc/avr/5.4.0/../../../../avr/lib/avr5\libm.a(fp_split3.o)
                              a:/atmel studio/7.0/toolchain/avr8/avr8-gnu-toolchain/bin/../lib/gcc/avr/5.4.0/../../../../avr/lib/avr5\libm.a(addsf3x.o) (__fp_split3)
a:/atmel studio/7.0/toolchain/avr8/avr8-gnu-toolchain/bin/../lib/gcc/avr/5.4.0/../../../../avr/lib/avr5\libm.a(fp_zero.o)
                              a:/atmel studio/7.0/toolchain/avr8/avr8-gnu-toolchain/bin/../lib/gcc/avr/5.4.0/../../../../avr/lib/avr5\libm.a(addsf3x.o) (__fp_zero)
a:/atmel studio/7.0/toolchain/avr8/avr8-gnu-toolchain/bin/../lib/gcc/avr/5.4.0/../../../../avr/lib/avr5\libm.a(mulsf3.o)
                              HAL/PWM/src/PWM.o (__mulsf3)
a:/atmel studio/7.0/toolchain/avr8/avr8-gnu-toolchain/bin/../lib/gcc/avr/5.4.0/../../../../avr/lib/avr5\libm.a(mulsf3x.o)
                              a:/atmel studio/7.0/toolchain/avr8/avr8-gnu-toolchain/bin/../lib/gcc/avr/5.4.0/../../../../avr/lib/avr5\libm.a(mulsf3.o) (__mulsf3x)
a:/atmel studio/7.0/toolchain/avr8/avr8-gnu-toolchain/bin/../lib/gcc/avr/5.4.0/avr5\libgcc.a(_udivmodsi4.o)
                              MCAL/UART/src/UART.o (__udivmodsi4)
a:/atmel studio/7.0/toolchain/avr8/avr8-gnu-toolchain/bin/../lib/gcc/avr/5.4.0/avr5\libgcc.a(_exit.o)
                              a:/atmel studio/7.0/toolchain/avr8/avr8-gnu-toolchain/bin/../lib/gcc/avr/5.4.0/../../../../avr/lib/avr5/crtatmega32.o (exit)
a:/atmel studio/7.0/toolchain/avr8/avr8-gnu-toolchain/bin/../lib/gcc/avr/5.4.0/avr5\libgcc.a(_tablejump2.o)
                              MCAL/TIMER/TIMER1/src/TIMER1.o (__tablejump2__)
a:/atmel studio/7.0/toolchain/avr8/avr8-gnu-toolchain/bin/../lib/gcc/avr/5.4.0/avr5\libgcc.a(_copy_data.o)
                              HAL/Keypad/src/Keypad.o (__do_copy_data)
a:/atmel studio/7.0/toolchain/avr8/avr8-gnu-toolchain/bin/../lib/gcc/avr/5.4.0/avr5\libgcc.a(_clear_bss.o)
                              MCAL/Ext_Int/src/Ext_Int.o (__do_clear_bss)
a:/atmel studio/7.0/toolchain/avr8/avr8-gnu-toolchain/bin/../lib/gcc/avr/5.4.0/../../../../avr/lib/avr5\libc.a(rand.o)
                              main.o (rand)
a:/atmel studio/7.0/toolchain/avr8/avr8-gnu-toolchain/bin/../lib/gcc/avr/5.4.0/avr5\libgcc.a(_divmodsi4.o)
                              a:/atmel studio/7.0/toolchain/avr8/avr8-gnu-toolchain/bin/../lib/gcc/avr/5.4.0/../../../../avr/lib/avr5\libc.a(rand.o) (__divmodsi4)
a:/atmel studio/7.0/toolchain/avr8/avr8-gnu-toolchain/bin/../lib/gcc/avr/5.4.0/avr5\libgcc.a(_negsi2.o)
                              a:/atmel studio/7.0/toolchain/avr8/avr8-gnu-toolchain/bin/../lib/gcc/avr/5.4.0/avr5\libgcc.a(_divmodsi4.o) (__negsi2)
a:/atmel studio/7.0/toolchain/avr8/avr8-gnu-toolchain/bin/../lib/gcc/avr/5.4.0/avr5\libgcc.a(_muluhisi3.o)
                              a:/atmel studio/7.0/toolchain/avr8/avr8-gnu-toolchain/bin/../lib/gcc/avr/5.4.0/../../../../avr/lib/avr5\libc.a(rand.o) (__muluhisi3)
a:/atmel studio/7.0/toolchain/avr8/avr8-gnu-toolchain/bin/../lib/gcc/avr/5.4.0/avr5\libgcc.a(_mulshisi3.o)
                              a:/atmel studio/7.0/toolchain/avr8/avr8-gnu-toolchain/bin/../lib/gcc/avr/5.4.0/../../../../avr/lib/avr5\libc.a(rand.o) (__mulohisi3)
a:/atmel studio/7.0/toolchain/avr8/avr8-gnu-toolchain/bin/../lib/gcc/avr/5.4.0/avr5\libgcc.a(_umulhisi3.o)
                              a:/atmel studio/7.0/toolchain/avr8/avr8-gnu-toolchain/bin/../lib/gcc/avr/5.4.0/avr5\libgcc.a(_muluhisi3.o) (__umulhisi3)

Discarded input sections

 .data          0x00000000        0x0 a:/atmel studio/7.0/toolchain/avr8/avr8-gnu-toolchain/bin/../lib/gcc/avr/5.4.0/../../../../avr/lib/avr5/crtatmega32.o
 .bss           0x00000000        0x0 a:/atmel studio/7.0/toolchain/avr8/avr8-gnu-toolchain/bin/../lib/gcc/avr/5.4.0/../../../../avr/lib/avr5/crtatmega32.o
 .text          0x00000000        0x0 HAL/EEPROM/src/EEPROM.o
 .data          0x00000000        0x0 HAL/EEPROM/src/EEPROM.o
 .bss           0x00000000        0x0 HAL/EEPROM/src/EEPROM.o
 .text          0x00000000        0x0 HAL/Keypad/src/Keypad.o
 .data          0x00000000        0x0 HAL/Keypad/src/Keypad.o
 .bss           0x00000000        0x0 HAL/Keypad/src/Keypad.o
 .text.Keypad_Init
                0x00000000       0x42 HAL/Keypad/src/Keypad.o
 .text.GetKey   0x00000000       0xf4 HAL/Keypad/src/Keypad.o
 .data.Keypad   0x00000000       0x10 HAL/Keypad/src/Keypad.o
 .data.KeypadCols
                0x00000000        0x4 HAL/Keypad/src/Keypad.o
 .data.KeypadRows
                0x00000000        0x4 HAL/Keypad/src/Keypad.o
 .debug_info    0x00000000      0x380 HAL/Keypad/src/Keypad.o
 .debug_abbrev  0x00000000      0x103 HAL/Keypad/src/Keypad.o
 .debug_loc     0x00000000      0x197 HAL/Keypad/src/Keypad.o
 .debug_aranges
                0x00000000       0x28 HAL/Keypad/src/Keypad.o
 .debug_ranges  0x00000000       0x18 HAL/Keypad/src/Keypad.o
 .debug_line    0x00000000      0x139 HAL/Keypad/src/Keypad.o
 .debug_str     0x00000000      0x39e HAL/Keypad/src/Keypad.o
 .comment       0x00000000       0x31 HAL/Keypad/src/Keypad.o
 .debug_frame   0x00000000       0x84 HAL/Keypad/src/Keypad.o
 .text          0x00000000        0x0 HAL/LCD/src/LCD.o
 .data          0x00000000        0x0 HAL/LCD/src/LCD.o
 .bss           0x00000000        0x0 HAL/LCD/src/LCD.o
 .text.LCD_Cmd  0x00000000       0x90 HAL/LCD/src/LCD.o
 .text.LCD_Init
                0x00000000       0x42 HAL/LCD/src/LCD.o
 .text.LCD_Char
                0x00000000       0x90 HAL/LCD/src/LCD.o
 .text.LCD_String
                0x00000000       0x2c HAL/LCD/src/LCD.o
 .text.LCD_SetPos
                0x00000000       0x22 HAL/LCD/src/LCD.o
 .text.LCD_Custom_Char
                0x00000000       0x36 HAL/LCD/src/LCD.o
 .debug_info    0x00000000      0x807 HAL/LCD/src/LCD.o
 .debug_abbrev  0x00000000      0x1a9 HAL/LCD/src/LCD.o
 .debug_loc     0x00000000      0x5a4 HAL/LCD/src/LCD.o
 .debug_aranges
                0x00000000       0x48 HAL/LCD/src/LCD.o
 .debug_ranges  0x00000000       0x38 HAL/LCD/src/LCD.o
 .debug_line    0x00000000      0x2fb HAL/LCD/src/LCD.o
 .debug_str     0x00000000      0x468 HAL/LCD/src/LCD.o
 .comment       0x00000000       0x31 HAL/LCD/src/LCD.o
 .debug_frame   0x00000000       0xa8 HAL/LCD/src/LCD.o
 .text          0x00000000        0x0 HAL/LED/src/LED.o
 .data          0x00000000        0x0 HAL/LED/src/LED.o
 .bss           0x00000000        0x0 HAL/LED/src/LED.o
 .text.LED_ON   0x00000000        0x8 HAL/LED/src/LED.o
 .text.LED_OFF  0x00000000        0x8 HAL/LED/src/LED.o
 .text          0x00000000        0x0 HAL/LM35/src/LM35.o
 .data          0x00000000        0x0 HAL/LM35/src/LM35.o
 .bss           0x00000000        0x0 HAL/LM35/src/LM35.o
 .text.LM35_Init
                0x00000000        0x6 HAL/LM35/src/LM35.o
 .text.LM35_Read
                0x00000000        0xe HAL/LM35/src/LM35.o
 .debug_info    0x00000000      0x206 HAL/LM35/src/LM35.o
 .debug_abbrev  0x00000000       0xf5 HAL/LM35/src/LM35.o
 .debug_loc     0x00000000       0x9e HAL/LM35/src/LM35.o
 .debug_aranges
                0x00000000       0x28 HAL/LM35/src/LM35.o
 .debug_ranges  0x00000000       0x18 HAL/LM35/src/LM35.o
 .debug_line    0x00000000       0xab HAL/LM35/src/LM35.o
 .debug_str     0x00000000      0x2f9 HAL/LM35/src/LM35.o
 .comment       0x00000000       0x31 HAL/LM35/src/LM35.o
 .debug_frame   0x00000000       0x34 HAL/LM35/src/LM35.o
 .text          0x00000000        0x0 HAL/PWM/src/PWM.o
 .data          0x00000000        0x0 HAL/PWM/src/PWM.o
 .bss           0x00000000        0x0 HAL/PWM/src/PWM.o
 .rodata        0x00000000        0x8 HAL/PWM/src/PWM.o
 .text.PWM_Generate_COM1A
                0x00000000       0x90 HAL/PWM/src/PWM.o
 .debug_info    0x00000000      0x43a HAL/PWM/src/PWM.o
 .debug_abbrev  0x00000000      0x11a HAL/PWM/src/PWM.o
 .debug_loc     0x00000000       0xe3 HAL/PWM/src/PWM.o
 .debug_aranges
                0x00000000       0x20 HAL/PWM/src/PWM.o
 .debug_ranges  0x00000000       0x10 HAL/PWM/src/PWM.o
 .debug_line    0x00000000       0xe7 HAL/PWM/src/PWM.o
 .debug_str     0x00000000      0x665 HAL/PWM/src/PWM.o
 .comment       0x00000000       0x31 HAL/PWM/src/PWM.o
 .debug_frame   0x00000000       0x3c HAL/PWM/src/PWM.o
 .text          0x00000000        0x0 HAL/SSD/src/SSD.o
 .data          0x00000000        0x0 HAL/SSD/src/SSD.o
 .bss           0x00000000        0x0 HAL/SSD/src/SSD.o
 .text.SSD_Init
                0x00000000       0x4a HAL/SSD/src/SSD.o
 .text.SSD_Display
                0x00000000       0x80 HAL/SSD/src/SSD.o
 .text.SSD_Display_With_Delay
                0x00000000       0x62 HAL/SSD/src/SSD.o
 .debug_info    0x00000000      0x520 HAL/SSD/src/SSD.o
 .debug_abbrev  0x00000000      0x15d HAL/SSD/src/SSD.o
 .debug_loc     0x00000000      0x2d9 HAL/SSD/src/SSD.o
 .debug_aranges
                0x00000000       0x30 HAL/SSD/src/SSD.o
 .debug_ranges  0x00000000       0x20 HAL/SSD/src/SSD.o
 .debug_line    0x00000000      0x1f5 HAL/SSD/src/SSD.o
 .debug_str     0x00000000      0x477 HAL/SSD/src/SSD.o
 .comment       0x00000000       0x31 HAL/SSD/src/SSD.o
 .debug_frame   0x00000000       0x80 HAL/SSD/src/SSD.o
 .text          0x00000000        0x0 HAL/ULTRASONIC/src/Ultrasonic.o
 .data          0x00000000        0x0 HAL/ULTRASONIC/src/Ultrasonic.o
 .bss           0x00000000        0x0 HAL/ULTRASONIC/src/Ultrasonic.o
 .text.Ultrasonic_Read
                0x00000000       0x92 HAL/ULTRASONIC/src/Ultrasonic.o
 .debug_info    0x00000000      0x3b6 HAL/ULTRASONIC/src/Ultrasonic.o
 .debug_abbrev  0x00000000      0x165 HAL/ULTRASONIC/src/Ultrasonic.o
 .debug_loc     0x00000000       0x63 HAL/ULTRASONIC/src/Ultrasonic.o
 .debug_aranges
                0x00000000       0x20 HAL/ULTRASONIC/src/Ultrasonic.o
 .debug_ranges  0x00000000       0x10 HAL/ULTRASONIC/src/Ultrasonic.o
 .debug_line    0x00000000      0x1fc HAL/ULTRASONIC/src/Ultrasonic.o
 .debug_str     0x00000000      0x4af HAL/ULTRASONIC/src/Ultrasonic.o
 .comment       0x00000000       0x31 HAL/ULTRASONIC/src/Ultrasonic.o
 .debug_frame   0x00000000       0x24 HAL/ULTRASONIC/src/Ultrasonic.o
 .text          0x00000000        0x0 main.o
 .data          0x00000000        0x0 main.o
 .bss           0x00000000        0x0 main.o
 .text          0x00000000        0x0 MCAL/ADC/src/ADC.o
 .data          0x00000000        0x0 MCAL/ADC/src/ADC.o
 .bss           0x00000000        0x0 MCAL/ADC/src/ADC.o
 .text.ADC_Init
                0x00000000       0x16 MCAL/ADC/src/ADC.o
 .text.ADC_Read
                0x00000000       0x1c MCAL/ADC/src/ADC.o
 .debug_info    0x00000000      0x1bc MCAL/ADC/src/ADC.o
 .debug_abbrev  0x00000000       0xca MCAL/ADC/src/ADC.o
 .debug_loc     0x00000000       0x75 MCAL/ADC/src/ADC.o
 .debug_aranges
                0x00000000       0x28 MCAL/ADC/src/ADC.o
 .debug_ranges  0x00000000       0x18 MCAL/ADC/src/ADC.o
 .debug_line    0x00000000       0xc9 MCAL/ADC/src/ADC.o
 .debug_str     0x00000000      0x2df MCAL/ADC/src/ADC.o
 .comment       0x00000000       0x31 MCAL/ADC/src/ADC.o
 .debug_frame   0x00000000       0x34 MCAL/ADC/src/ADC.o
 .text          0x00000000        0x0 MCAL/DIO/src/DIO.o
 .data          0x00000000        0x0 MCAL/DIO/src/DIO.o
 .bss           0x00000000        0x0 MCAL/DIO/src/DIO.o
 .text.DIO_WriteChannel
                0x00000000      0x104 MCAL/DIO/src/DIO.o
 .text.DIO_ReadChannel
                0x00000000       0x66 MCAL/DIO/src/DIO.o
 .text.DIO_ReadPort
                0x00000000       0x24 MCAL/DIO/src/DIO.o
 .text.DIO_WritePort
                0x00000000       0x20 MCAL/DIO/src/DIO.o
 .text.DIO_ConfigChannel
                0x00000000      0x104 MCAL/DIO/src/DIO.o
 .text.DIO_WriteChannelGroup
                0x00000000       0x50 MCAL/DIO/src/DIO.o
 .text          0x00000000        0x0 MCAL/DIO/src/DIO_CFG.o
 .data          0x00000000        0x0 MCAL/DIO/src/DIO_CFG.o
 .bss           0x00000000        0x0 MCAL/DIO/src/DIO_CFG.o
 .text          0x00000000        0x0 MCAL/Ext_Int/src/Ext_Int.o
 .data          0x00000000        0x0 MCAL/Ext_Int/src/Ext_Int.o
 .bss           0x00000000        0x0 MCAL/Ext_Int/src/Ext_Int.o
 .text.Ext_Interrupt_Enable
                0x00000000       0x24 MCAL/Ext_Int/src/Ext_Int.o
 .text.Ext_Interrupt_Disable
                0x00000000       0x24 MCAL/Ext_Int/src/Ext_Int.o
 .text.Ext_Interrupt_Sncontrol
                0x00000000       0x38 MCAL/Ext_Int/src/Ext_Int.o
 .text.Ext_Int_SetCallBack
                0x00000000       0x2a MCAL/Ext_Int/src/Ext_Int.o
 .text          0x00000000        0x0 MCAL/GINT/src/GINT.o
 .data          0x00000000        0x0 MCAL/GINT/src/GINT.o
 .bss           0x00000000        0x0 MCAL/GINT/src/GINT.o
 .text.GINT_EnableAllInterrupts
                0x00000000        0x8 MCAL/GINT/src/GINT.o
 .text.GINT_DisableAllInterrupts
                0x00000000        0x8 MCAL/GINT/src/GINT.o
 .debug_info    0x00000000       0x8a MCAL/GINT/src/GINT.o
 .debug_abbrev  0x00000000       0x46 MCAL/GINT/src/GINT.o
 .debug_aranges
                0x00000000       0x28 MCAL/GINT/src/GINT.o
 .debug_ranges  0x00000000       0x18 MCAL/GINT/src/GINT.o
 .debug_line    0x00000000       0x79 MCAL/GINT/src/GINT.o
 .debug_str     0x00000000      0x184 MCAL/GINT/src/GINT.o
 .comment       0x00000000       0x31 MCAL/GINT/src/GINT.o
 .debug_frame   0x00000000       0x34 MCAL/GINT/src/GINT.o
 .text          0x00000000        0x0 MCAL/SPI/src/SPI.o
 .data          0x00000000        0x0 MCAL/SPI/src/SPI.o
 .bss           0x00000000        0x0 MCAL/SPI/src/SPI.o
 .text.SPI_Init
                0x00000000       0x6a MCAL/SPI/src/SPI.o
 .text.SPI_TxRx
                0x00000000        0xa MCAL/SPI/src/SPI.o
 .text.SPI_SlaveEnable
                0x00000000       0x16 MCAL/SPI/src/SPI.o
 .text.SPI_SlaveDisable
                0x00000000       0x16 MCAL/SPI/src/SPI.o
 .debug_info    0x00000000      0x539 MCAL/SPI/src/SPI.o
 .debug_abbrev  0x00000000      0x12b MCAL/SPI/src/SPI.o
 .debug_loc     0x00000000      0x120 MCAL/SPI/src/SPI.o
 .debug_aranges
                0x00000000       0x38 MCAL/SPI/src/SPI.o
 .debug_ranges  0x00000000       0x28 MCAL/SPI/src/SPI.o
 .debug_line    0x00000000      0x182 MCAL/SPI/src/SPI.o
 .debug_str     0x00000000      0x4d5 MCAL/SPI/src/SPI.o
 .comment       0x00000000       0x31 MCAL/SPI/src/SPI.o
 .debug_frame   0x00000000       0x70 MCAL/SPI/src/SPI.o
 .text          0x00000000        0x0 MCAL/TIMER/TIMER1/src/TIMER1.o
 .data          0x00000000        0x0 MCAL/TIMER/TIMER1/src/TIMER1.o
 .bss           0x00000000        0x0 MCAL/TIMER/TIMER1/src/TIMER1.o
 .text.TIMER1_Init
                0x00000000      0x206 MCAL/TIMER/TIMER1/src/TIMER1.o
 .progmem.gcc_sw_table.TIMER1_Init
                0x00000000       0x10 MCAL/TIMER/TIMER1/src/TIMER1.o
 .text.TIMER1_TOVInt_SetCallBack
                0x00000000        0xa MCAL/TIMER/TIMER1/src/TIMER1.o
 .text.TIMER1_OC1AInt_SetCallBack
                0x00000000        0xa MCAL/TIMER/TIMER1/src/TIMER1.o
 .text.TIMER1_OC1BInt_SetCallBack
                0x00000000        0xa MCAL/TIMER/TIMER1/src/TIMER1.o
 .text.TIMER1_OCR1A_SetValue
                0x00000000        0x6 MCAL/TIMER/TIMER1/src/TIMER1.o
 .text.TIMER1_OCR1B_SetValue
                0x00000000        0x6 MCAL/TIMER/TIMER1/src/TIMER1.o
 .text.TIMER1_ICR_SetValue
                0x00000000        0x6 MCAL/TIMER/TIMER1/src/TIMER1.o
 .text          0x00000000        0x0 MCAL/TWI/src/TWI.o
 .data          0x00000000        0x0 MCAL/TWI/src/TWI.o
 .bss           0x00000000        0x0 MCAL/TWI/src/TWI.o
 .text.TWI_Status
                0x00000000        0x6 MCAL/TWI/src/TWI.o
 .text.TWI_Read_Ack
                0x00000000       0x30 MCAL/TWI/src/TWI.o
 .text          0x00000000        0x0 MCAL/UART/src/UART.o
 .data          0x00000000        0x0 MCAL/UART/src/UART.o
 .bss           0x00000000        0x0 MCAL/UART/src/UART.o
 .text.UART_Init
                0x00000000       0x9a MCAL/UART/src/UART.o
 .text.UART_Transmite
                0x00000000        0x8 MCAL/UART/src/UART.o
 .text.UART_Receive
                0x00000000        0x8 MCAL/UART/src/UART.o
 .text.UART_TransmiteString
                0x00000000       0x2c MCAL/UART/src/UART.o
 .debug_info    0x00000000      0x4b7 MCAL/UART/src/UART.o
 .debug_abbrev  0x00000000      0x162 MCAL/UART/src/UART.o
 .debug_loc     0x00000000      0x11e MCAL/UART/src/UART.o
 .debug_aranges
                0x00000000       0x38 MCAL/UART/src/UART.o
 .debug_ranges  0x00000000       0x28 MCAL/UART/src/UART.o
 .debug_line    0x00000000      0x14b MCAL/UART/src/UART.o
 .debug_str     0x00000000      0x4ff MCAL/UART/src/UART.o
 .comment       0x00000000       0x31 MCAL/UART/src/UART.o
 .debug_frame   0x00000000       0x70 MCAL/UART/src/UART.o
 .text          0x00000000        0x0 a:/atmel studio/7.0/toolchain/avr8/avr8-gnu-toolchain/bin/../lib/gcc/avr/5.4.0/../../../../avr/lib/avr5\libm.a(addsf3.o)
 .data          0x00000000        0x0 a:/atmel studio/7.0/toolchain/avr8/avr8-gnu-toolchain/bin/../lib/gcc/avr/5.4.0/../../../../avr/lib/avr5\libm.a(addsf3.o)
 .bss           0x00000000        0x0 a:/atmel studio/7.0/toolchain/avr8/avr8-gnu-toolchain/bin/../lib/gcc/avr/5.4.0/../../../../avr/lib/avr5\libm.a(addsf3.o)
 .text.avr-libc.fplib
                0x00000000        0xe a:/atmel studio/7.0/toolchain/avr8/avr8-gnu-toolchain/bin/../lib/gcc/avr/5.4.0/../../../../avr/lib/avr5\libm.a(addsf3.o)
 .text          0x00000000        0x0 a:/atmel studio/7.0/toolchain/avr8/avr8-gnu-toolchain/bin/../lib/gcc/avr/5.4.0/../../../../avr/lib/avr5\libm.a(addsf3x.o)
 .data          0x00000000        0x0 a:/atmel studio/7.0/toolchain/avr8/avr8-gnu-toolchain/bin/../lib/gcc/avr/5.4.0/../../../../avr/lib/avr5\libm.a(addsf3x.o)
 .bss           0x00000000        0x0 a:/atmel studio/7.0/toolchain/avr8/avr8-gnu-toolchain/bin/../lib/gcc/avr/5.4.0/../../../../avr/lib/avr5\libm.a(addsf3x.o)
 .text.avr-libc.fplib
                0x00000000       0xcc a:/atmel studio/7.0/toolchain/avr8/avr8-gnu-toolchain/bin/../lib/gcc/avr/5.4.0/../../../../avr/lib/avr5\libm.a(addsf3x.o)
 .text          0x00000000        0x0 a:/atmel studio/7.0/toolchain/avr8/avr8-gnu-toolchain/bin/../lib/gcc/avr/5.4.0/../../../../avr/lib/avr5\libm.a(divsf3.o)
 .data          0x00000000        0x0 a:/atmel studio/7.0/toolchain/avr8/avr8-gnu-toolchain/bin/../lib/gcc/avr/5.4.0/../../../../avr/lib/avr5\libm.a(divsf3.o)
 .bss           0x00000000        0x0 a:/atmel studio/7.0/toolchain/avr8/avr8-gnu-toolchain/bin/../lib/gcc/avr/5.4.0/../../../../avr/lib/avr5\libm.a(divsf3.o)
 .text.avr-libc.fplib
                0x00000000        0x8 a:/atmel studio/7.0/toolchain/avr8/avr8-gnu-toolchain/bin/../lib/gcc/avr/5.4.0/../../../../avr/lib/avr5\libm.a(divsf3.o)
 .text          0x00000000        0x0 a:/atmel studio/7.0/toolchain/avr8/avr8-gnu-toolchain/bin/../lib/gcc/avr/5.4.0/../../../../avr/lib/avr5\libm.a(divsf3x.o)
 .data          0x00000000        0x0 a:/atmel studio/7.0/toolchain/avr8/avr8-gnu-toolchain/bin/../lib/gcc/avr/5.4.0/../../../../avr/lib/avr5\libm.a(divsf3x.o)
 .bss           0x00000000        0x0 a:/atmel studio/7.0/toolchain/avr8/avr8-gnu-toolchain/bin/../lib/gcc/avr/5.4.0/../../../../avr/lib/avr5\libm.a(divsf3x.o)
 .text.avr-libc.fplib
                0x00000000       0xdc a:/atmel studio/7.0/toolchain/avr8/avr8-gnu-toolchain/bin/../lib/gcc/avr/5.4.0/../../../../avr/lib/avr5\libm.a(divsf3x.o)
 .text          0x00000000        0x0 a:/atmel studio/7.0/toolchain/avr8/avr8-gnu-toolchain/bin/../lib/gcc/avr/5.4.0/../../../../avr/lib/avr5\libm.a(fixunssfsi.o)
 .data          0x00000000        0x0 a:/atmel studio/7.0/toolchain/avr8/avr8-gnu-toolchain/bin/../lib/gcc/avr/5.4.0/../../../../avr/lib/avr5\libm.a(fixunssfsi.o)
 .bss           0x00000000        0x0 a:/atmel studio/7.0/toolchain/avr8/avr8-gnu-toolchain/bin/../lib/gcc/avr/5.4.0/../../../../avr/lib/avr5\libm.a(fixunssfsi.o)
 .text.avr-libc.fplib
                0x00000000       0x5e a:/atmel studio/7.0/toolchain/avr8/avr8-gnu-toolchain/bin/../lib/gcc/avr/5.4.0/../../../../avr/lib/avr5\libm.a(fixunssfsi.o)
 .text          0x00000000        0x0 a:/atmel studio/7.0/toolchain/avr8/avr8-gnu-toolchain/bin/../lib/gcc/avr/5.4.0/../../../../avr/lib/avr5\libm.a(floatsisf.o)
 .data          0x00000000        0x0 a:/atmel studio/7.0/toolchain/avr8/avr8-gnu-toolchain/bin/../lib/gcc/avr/5.4.0/../../../../avr/lib/avr5\libm.a(floatsisf.o)
 .bss           0x00000000        0x0 a:/atmel studio/7.0/toolchain/avr8/avr8-gnu-toolchain/bin/../lib/gcc/avr/5.4.0/../../../../avr/lib/avr5\libm.a(floatsisf.o)
 .text.avr-libc.fplib
                0x00000000       0x7a a:/atmel studio/7.0/toolchain/avr8/avr8-gnu-toolchain/bin/../lib/gcc/avr/5.4.0/../../../../avr/lib/avr5\libm.a(floatsisf.o)
 .text          0x00000000        0x0 a:/atmel studio/7.0/toolchain/avr8/avr8-gnu-toolchain/bin/../lib/gcc/avr/5.4.0/../../../../avr/lib/avr5\libm.a(fp_inf.o)
 .data          0x00000000        0x0 a:/atmel studio/7.0/toolchain/avr8/avr8-gnu-toolchain/bin/../lib/gcc/avr/5.4.0/../../../../avr/lib/avr5\libm.a(fp_inf.o)
 .bss           0x00000000        0x0 a:/atmel studio/7.0/toolchain/avr8/avr8-gnu-toolchain/bin/../lib/gcc/avr/5.4.0/../../../../avr/lib/avr5\libm.a(fp_inf.o)
 .text.avr-libc.fplib
                0x00000000        0xc a:/atmel studio/7.0/toolchain/avr8/avr8-gnu-toolchain/bin/../lib/gcc/avr/5.4.0/../../../../avr/lib/avr5\libm.a(fp_inf.o)
 .text          0x00000000        0x0 a:/atmel studio/7.0/toolchain/avr8/avr8-gnu-toolchain/bin/../lib/gcc/avr/5.4.0/../../../../avr/lib/avr5\libm.a(fp_nan.o)
 .data          0x00000000        0x0 a:/atmel studio/7.0/toolchain/avr8/avr8-gnu-toolchain/bin/../lib/gcc/avr/5.4.0/../../../../avr/lib/avr5\libm.a(fp_nan.o)
 .bss           0x00000000        0x0 a:/atmel studio/7.0/toolchain/avr8/avr8-gnu-toolchain/bin/../lib/gcc/avr/5.4.0/../../../../avr/lib/avr5\libm.a(fp_nan.o)
 .text.avr-libc.fplib
                0x00000000        0x6 a:/atmel studio/7.0/toolchain/avr8/avr8-gnu-toolchain/bin/../lib/gcc/avr/5.4.0/../../../../avr/lib/avr5\libm.a(fp_nan.o)
 .text          0x00000000        0x0 a:/atmel studio/7.0/toolchain/avr8/avr8-gnu-toolchain/bin/../lib/gcc/avr/5.4.0/../../../../avr/lib/avr5\libm.a(fp_pscA.o)
 .data          0x00000000        0x0 a:/atmel studio/7.0/toolchain/avr8/avr8-gnu-toolchain/bin/../lib/gcc/avr/5.4.0/../../../../avr/lib/avr5\libm.a(fp_pscA.o)
 .bss           0x00000000        0x0 a:/atmel studio/7.0/toolchain/avr8/avr8-gnu-toolchain/bin/../lib/gcc/avr/5.4.0/../../../../avr/lib/avr5\libm.a(fp_pscA.o)
 .text.avr-libc.fplib
                0x00000000        0xe a:/atmel studio/7.0/toolchain/avr8/avr8-gnu-toolchain/bin/../lib/gcc/avr/5.4.0/../../../../avr/lib/avr5\libm.a(fp_pscA.o)
 .text          0x00000000        0x0 a:/atmel studio/7.0/toolchain/avr8/avr8-gnu-toolchain/bin/../lib/gcc/avr/5.4.0/../../../../avr/lib/avr5\libm.a(fp_pscB.o)
 .data          0x00000000        0x0 a:/atmel studio/7.0/toolchain/avr8/avr8-gnu-toolchain/bin/../lib/gcc/avr/5.4.0/../../../../avr/lib/avr5\libm.a(fp_pscB.o)
 .bss           0x00000000        0x0 a:/atmel studio/7.0/toolchain/avr8/avr8-gnu-toolchain/bin/../lib/gcc/avr/5.4.0/../../../../avr/lib/avr5\libm.a(fp_pscB.o)
 .text.avr-libc.fplib
                0x00000000        0xe a:/atmel studio/7.0/toolchain/avr8/avr8-gnu-toolchain/bin/../lib/gcc/avr/5.4.0/../../../../avr/lib/avr5\libm.a(fp_pscB.o)
 .text          0x00000000        0x0 a:/atmel studio/7.0/toolchain/avr8/avr8-gnu-toolchain/bin/../lib/gcc/avr/5.4.0/../../../../avr/lib/avr5\libm.a(fp_round.o)
 .data          0x00000000        0x0 a:/atmel studio/7.0/toolchain/avr8/avr8-gnu-toolchain/bin/../lib/gcc/avr/5.4.0/../../../../avr/lib/avr5\libm.a(fp_round.o)
 .bss           0x00000000        0x0 a:/atmel studio/7.0/toolchain/avr8/avr8-gnu-toolchain/bin/../lib/gcc/avr/5.4.0/../../../../avr/lib/avr5\libm.a(fp_round.o)
 .text.avr-libc.fplib
                0x00000000       0x22 a:/atmel studio/7.0/toolchain/avr8/avr8-gnu-toolchain/bin/../lib/gcc/avr/5.4.0/../../../../avr/lib/avr5\libm.a(fp_round.o)
 .text          0x00000000        0x0 a:/atmel studio/7.0/toolchain/avr8/avr8-gnu-toolchain/bin/../lib/gcc/avr/5.4.0/../../../../avr/lib/avr5\libm.a(fp_split3.o)
 .data          0x00000000        0x0 a:/atmel studio/7.0/toolchain/avr8/avr8-gnu-toolchain/bin/../lib/gcc/avr/5.4.0/../../../../avr/lib/avr5\libm.a(fp_split3.o)
 .bss           0x00000000        0x0 a:/atmel studio/7.0/toolchain/avr8/avr8-gnu-toolchain/bin/../lib/gcc/avr/5.4.0/../../../../avr/lib/avr5\libm.a(fp_split3.o)
 .text.avr-libc.fplib
                0x00000000       0x44 a:/atmel studio/7.0/toolchain/avr8/avr8-gnu-toolchain/bin/../lib/gcc/avr/5.4.0/../../../../avr/lib/avr5\libm.a(fp_split3.o)
 .text          0x00000000        0x0 a:/atmel studio/7.0/toolchain/avr8/avr8-gnu-toolchain/bin/../lib/gcc/avr/5.4.0/../../../../avr/lib/avr5\libm.a(fp_zero.o)
 .data          0x00000000        0x0 a:/atmel studio/7.0/toolchain/avr8/avr8-gnu-toolchain/bin/../lib/gcc/avr/5.4.0/../../../../avr/lib/avr5\libm.a(fp_zero.o)
 .bss           0x00000000        0x0 a:/atmel studio/7.0/toolchain/avr8/avr8-gnu-toolchain/bin/../lib/gcc/avr/5.4.0/../../../../avr/lib/avr5\libm.a(fp_zero.o)
 .text.avr-libc.fplib
                0x00000000        0xe a:/atmel studio/7.0/toolchain/avr8/avr8-gnu-toolchain/bin/../lib/gcc/avr/5.4.0/../../../../avr/lib/avr5\libm.a(fp_zero.o)
 .text          0x00000000        0x0 a:/atmel studio/7.0/toolchain/avr8/avr8-gnu-toolchain/bin/../lib/gcc/avr/5.4.0/../../../../avr/lib/avr5\libm.a(mulsf3.o)
 .data          0x00000000        0x0 a:/atmel studio/7.0/toolchain/avr8/avr8-gnu-toolchain/bin/../lib/gcc/avr/5.4.0/../../../../avr/lib/avr5\libm.a(mulsf3.o)
 .bss           0x00000000        0x0 a:/atmel studio/7.0/toolchain/avr8/avr8-gnu-toolchain/bin/../lib/gcc/avr/5.4.0/../../../../avr/lib/avr5\libm.a(mulsf3.o)
 .text.avr-libc.fplib
                0x00000000        0x8 a:/atmel studio/7.0/toolchain/avr8/avr8-gnu-toolchain/bin/../lib/gcc/avr/5.4.0/../../../../avr/lib/avr5\libm.a(mulsf3.o)
 .text          0x00000000        0x0 a:/atmel studio/7.0/toolchain/avr8/avr8-gnu-toolchain/bin/../lib/gcc/avr/5.4.0/../../../../avr/lib/avr5\libm.a(mulsf3x.o)
 .data          0x00000000        0x0 a:/atmel studio/7.0/toolchain/avr8/avr8-gnu-toolchain/bin/../lib/gcc/avr/5.4.0/../../../../avr/lib/avr5\libm.a(mulsf3x.o)
 .bss           0x00000000        0x0 a:/atmel studio/7.0/toolchain/avr8/avr8-gnu-toolchain/bin/../lib/gcc/avr/5.4.0/../../../../avr/lib/avr5\libm.a(mulsf3x.o)
 .text.avr-libc.fplib
                0x00000000       0xd2 a:/atmel studio/7.0/toolchain/avr8/avr8-gnu-toolchain/bin/../lib/gcc/avr/5.4.0/../../../../avr/lib/avr5\libm.a(mulsf3x.o)
 .text          0x00000000        0x0 a:/atmel studio/7.0/toolchain/avr8/avr8-gnu-toolchain/bin/../lib/gcc/avr/5.4.0/avr5\libgcc.a(_udivmodsi4.o)
 .data          0x00000000        0x0 a:/atmel studio/7.0/toolchain/avr8/avr8-gnu-toolchain/bin/../lib/gcc/avr/5.4.0/avr5\libgcc.a(_udivmodsi4.o)
 .bss           0x00000000        0x0 a:/atmel studio/7.0/toolchain/avr8/avr8-gnu-toolchain/bin/../lib/gcc/avr/5.4.0/avr5\libgcc.a(_udivmodsi4.o)
 .text.libgcc.mul
                0x00000000        0x0 a:/atmel studio/7.0/toolchain/avr8/avr8-gnu-toolchain/bin/../lib/gcc/avr/5.4.0/avr5\libgcc.a(_udivmodsi4.o)
 .text.libgcc   0x00000000        0x0 a:/atmel studio/7.0/toolchain/avr8/avr8-gnu-toolchain/bin/../lib/gcc/avr/5.4.0/avr5\libgcc.a(_udivmodsi4.o)
 .text.libgcc.prologue
                0x00000000        0x0 a:/atmel studio/7.0/toolchain/avr8/avr8-gnu-toolchain/bin/../lib/gcc/avr/5.4.0/avr5\libgcc.a(_udivmodsi4.o)
 .text.libgcc.builtins
                0x00000000        0x0 a:/atmel studio/7.0/toolchain/avr8/avr8-gnu-toolchain/bin/../lib/gcc/avr/5.4.0/avr5\libgcc.a(_udivmodsi4.o)
 .text.libgcc.fmul
                0x00000000        0x0 a:/atmel studio/7.0/toolchain/avr8/avr8-gnu-toolchain/bin/../lib/gcc/avr/5.4.0/avr5\libgcc.a(_udivmodsi4.o)
 .text.libgcc.fixed
                0x00000000        0x0 a:/atmel studio/7.0/toolchain/avr8/avr8-gnu-toolchain/bin/../lib/gcc/avr/5.4.0/avr5\libgcc.a(_udivmodsi4.o)
 .text          0x00000000        0x0 a:/atmel studio/7.0/toolchain/avr8/avr8-gnu-toolchain/bin/../lib/gcc/avr/5.4.0/avr5\libgcc.a(_exit.o)
 .data          0x00000000        0x0 a:/atmel studio/7.0/toolchain/avr8/avr8-gnu-toolchain/bin/../lib/gcc/avr/5.4.0/avr5\libgcc.a(_exit.o)
 .bss           0x00000000        0x0 a:/atmel studio/7.0/toolchain/avr8/avr8-gnu-toolchain/bin/../lib/gcc/avr/5.4.0/avr5\libgcc.a(_exit.o)
 .text.libgcc.mul
                0x00000000        0x0 a:/atmel studio/7.0/toolchain/avr8/avr8-gnu-toolchain/bin/../lib/gcc/avr/5.4.0/avr5\libgcc.a(_exit.o)
 .text.libgcc.div
                0x00000000        0x0 a:/atmel studio/7.0/toolchain/avr8/avr8-gnu-toolchain/bin/../lib/gcc/avr/5.4.0/avr5\libgcc.a(_exit.o)
 .text.libgcc   0x00000000        0x0 a:/atmel studio/7.0/toolchain/avr8/avr8-gnu-toolchain/bin/../lib/gcc/avr/5.4.0/avr5\libgcc.a(_exit.o)
 .text.libgcc.prologue
                0x00000000        0x0 a:/atmel studio/7.0/toolchain/avr8/avr8-gnu-toolchain/bin/../lib/gcc/avr/5.4.0/avr5\libgcc.a(_exit.o)
 .text.libgcc.builtins
                0x00000000        0x0 a:/atmel studio/7.0/toolchain/avr8/avr8-gnu-toolchain/bin/../lib/gcc/avr/5.4.0/avr5\libgcc.a(_exit.o)
 .text.libgcc.fmul
                0x00000000        0x0 a:/atmel studio/7.0/toolchain/avr8/avr8-gnu-toolchain/bin/../lib/gcc/avr/5.4.0/avr5\libgcc.a(_exit.o)
 .text.libgcc.fixed
                0x00000000        0x0 a:/atmel studio/7.0/toolchain/avr8/avr8-gnu-toolchain/bin/../lib/gcc/avr/5.4.0/avr5\libgcc.a(_exit.o)
 .text          0x00000000        0x0 a:/atmel studio/7.0/toolchain/avr8/avr8-gnu-toolchain/bin/../lib/gcc/avr/5.4.0/avr5\libgcc.a(_tablejump2.o)
 .data          0x00000000        0x0 a:/atmel studio/7.0/toolchain/avr8/avr8-gnu-toolchain/bin/../lib/gcc/avr/5.4.0/avr5\libgcc.a(_tablejump2.o)
 .bss           0x00000000        0x0 a:/atmel studio/7.0/toolchain/avr8/avr8-gnu-toolchain/bin/../lib/gcc/avr/5.4.0/avr5\libgcc.a(_tablejump2.o)
 .text.libgcc.mul
                0x00000000        0x0 a:/atmel studio/7.0/toolchain/avr8/avr8-gnu-toolchain/bin/../lib/gcc/avr/5.4.0/avr5\libgcc.a(_tablejump2.o)
 .text.libgcc.div
                0x00000000        0x0 a:/atmel studio/7.0/toolchain/avr8/avr8-gnu-toolchain/bin/../lib/gcc/avr/5.4.0/avr5\libgcc.a(_tablejump2.o)
 .text.libgcc   0x00000000        0xc a:/atmel studio/7.0/toolchain/avr8/avr8-gnu-toolchain/bin/../lib/gcc/avr/5.4.0/avr5\libgcc.a(_tablejump2.o)
 .text.libgcc.prologue
                0x00000000        0x0 a:/atmel studio/7.0/toolchain/avr8/avr8-gnu-toolchain/bin/../lib/gcc/avr/5.4.0/avr5\libgcc.a(_tablejump2.o)
 .text.libgcc.builtins
                0x00000000        0x0 a:/atmel studio/7.0/toolchain/avr8/avr8-gnu-toolchain/bin/../lib/gcc/avr/5.4.0/avr5\libgcc.a(_tablejump2.o)
 .text.libgcc.fmul
                0x00000000        0x0 a:/atmel studio/7.0/toolchain/avr8/avr8-gnu-toolchain/bin/../lib/gcc/avr/5.4.0/avr5\libgcc.a(_tablejump2.o)
 .text.libgcc.fixed
                0x00000000        0x0 a:/atmel studio/7.0/toolchain/avr8/avr8-gnu-toolchain/bin/../lib/gcc/avr/5.4.0/avr5\libgcc.a(_tablejump2.o)
 .text          0x00000000        0x0 a:/atmel studio/7.0/toolchain/avr8/avr8-gnu-toolchain/bin/../lib/gcc/avr/5.4.0/avr5\libgcc.a(_copy_data.o)
 .data          0x00000000        0x0 a:/atmel studio/7.0/toolchain/avr8/avr8-gnu-toolchain/bin/../lib/gcc/avr/5.4.0/avr5\libgcc.a(_copy_data.o)
 .bss           0x00000000        0x0 a:/atmel studio/7.0/toolchain/avr8/avr8-gnu-toolchain/bin/../lib/gcc/avr/5.4.0/avr5\libgcc.a(_copy_data.o)
 .text.libgcc.mul
                0x00000000        0x0 a:/atmel studio/7.0/toolchain/avr8/avr8-gnu-toolchain/bin/../lib/gcc/avr/5.4.0/avr5\libgcc.a(_copy_data.o)
 .text.libgcc.div
                0x00000000        0x0 a:/atmel studio/7.0/toolchain/avr8/avr8-gnu-toolchain/bin/../lib/gcc/avr/5.4.0/avr5\libgcc.a(_copy_data.o)
 .text.libgcc   0x00000000        0x0 a:/atmel studio/7.0/toolchain/avr8/avr8-gnu-toolchain/bin/../lib/gcc/avr/5.4.0/avr5\libgcc.a(_copy_data.o)
 .text.libgcc.prologue
                0x00000000        0x0 a:/atmel studio/7.0/toolchain/avr8/avr8-gnu-toolchain/bin/../lib/gcc/avr/5.4.0/avr5\libgcc.a(_copy_data.o)
 .text.libgcc.builtins
                0x00000000        0x0 a:/atmel studio/7.0/toolchain/avr8/avr8-gnu-toolchain/bin/../lib/gcc/avr/5.4.0/avr5\libgcc.a(_copy_data.o)
 .text.libgcc.fmul
                0x00000000        0x0 a:/atmel studio/7.0/toolchain/avr8/avr8-gnu-toolchain/bin/../lib/gcc/avr/5.4.0/avr5\libgcc.a(_copy_data.o)
 .text.libgcc.fixed
                0x00000000        0x0 a:/atmel studio/7.0/toolchain/avr8/avr8-gnu-toolchain/bin/../lib/gcc/avr/5.4.0/avr5\libgcc.a(_copy_data.o)
 .text          0x00000000        0x0 a:/atmel studio/7.0/toolchain/avr8/avr8-gnu-toolchain/bin/../lib/gcc/avr/5.4.0/avr5\libgcc.a(_clear_bss.o)
 .data          0x00000000        0x0 a:/atmel studio/7.0/toolchain/avr8/avr8-gnu-toolchain/bin/../lib/gcc/avr/5.4.0/avr5\libgcc.a(_clear_bss.o)
 .bss           0x00000000        0x0 a:/atmel studio/7.0/toolchain/avr8/avr8-gnu-toolchain/bin/../lib/gcc/avr/5.4.0/avr5\libgcc.a(_clear_bss.o)
 .text.libgcc.mul
                0x00000000        0x0 a:/atmel studio/7.0/toolchain/avr8/avr8-gnu-toolchain/bin/../lib/gcc/avr/5.4.0/avr5\libgcc.a(_clear_bss.o)
 .text.libgcc.div
                0x00000000        0x0 a:/atmel studio/7.0/toolchain/avr8/avr8-gnu-toolchain/bin/../lib/gcc/avr/5.4.0/avr5\libgcc.a(_clear_bss.o)
 .text.libgcc   0x00000000        0x0 a:/atmel studio/7.0/toolchain/avr8/avr8-gnu-toolchain/bin/../lib/gcc/avr/5.4.0/avr5\libgcc.a(_clear_bss.o)
 .text.libgcc.prologue
                0x00000000        0x0 a:/atmel studio/7.0/toolchain/avr8/avr8-gnu-toolchain/bin/../lib/gcc/avr/5.4.0/avr5\libgcc.a(_clear_bss.o)
 .text.libgcc.builtins
                0x00000000        0x0 a:/atmel studio/7.0/toolchain/avr8/avr8-gnu-toolchain/bin/../lib/gcc/avr/5.4.0/avr5\libgcc.a(_clear_bss.o)
 .text.libgcc.fmul
                0x00000000        0x0 a:/atmel studio/7.0/toolchain/avr8/avr8-gnu-toolchain/bin/../lib/gcc/avr/5.4.0/avr5\libgcc.a(_clear_bss.o)
 .text.libgcc.fixed
                0x00000000        0x0 a:/atmel studio/7.0/toolchain/avr8/avr8-gnu-toolchain/bin/../lib/gcc/avr/5.4.0/avr5\libgcc.a(_clear_bss.o)
 .text          0x00000000        0x0 a:/atmel studio/7.0/toolchain/avr8/avr8-gnu-toolchain/bin/../lib/gcc/avr/5.4.0/../../../../avr/lib/avr5\libc.a(rand.o)
 .bss           0x00000000        0x0 a:/atmel studio/7.0/toolchain/avr8/avr8-gnu-toolchain/bin/../lib/gcc/avr/5.4.0/../../../../avr/lib/avr5\libc.a(rand.o)
 .text          0x00000000        0x0 a:/atmel studio/7.0/toolchain/avr8/avr8-gnu-toolchain/bin/../lib/gcc/avr/5.4.0/avr5\libgcc.a(_divmodsi4.o)
 .data          0x00000000        0x0 a:/atmel studio/7.0/toolchain/avr8/avr8-gnu-toolchain/bin/../lib/gcc/avr/5.4.0/avr5\libgcc.a(_divmodsi4.o)
 .bss           0x00000000        0x0 a:/atmel studio/7.0/toolchain/avr8/avr8-gnu-toolchain/bin/../lib/gcc/avr/5.4.0/avr5\libgcc.a(_divmodsi4.o)
 .text.libgcc.mul
                0x00000000        0x0 a:/atmel studio/7.0/toolchain/avr8/avr8-gnu-toolchain/bin/../lib/gcc/avr/5.4.0/avr5\libgcc.a(_divmodsi4.o)
 .text.libgcc   0x00000000        0x0 a:/atmel studio/7.0/toolchain/avr8/avr8-gnu-toolchain/bin/../lib/gcc/avr/5.4.0/avr5\libgcc.a(_divmodsi4.o)
 .text.libgcc.prologue
                0x00000000        0x0 a:/atmel studio/7.0/toolchain/avr8/avr8-gnu-toolchain/bin/../lib/gcc/avr/5.4.0/avr5\libgcc.a(_divmodsi4.o)
 .text.libgcc.builtins
                0x00000000        0x0 a:/atmel studio/7.0/toolchain/avr8/avr8-gnu-toolchain/bin/../lib/gcc/avr/5.4.0/avr5\libgcc.a(_divmodsi4.o)
 .text.libgcc.fmul
                0x00000000        0x0 a:/atmel studio/7.0/toolchain/avr8/avr8-gnu-toolchain/bin/../lib/gcc/avr/5.4.0/avr5\libgcc.a(_divmodsi4.o)
 .text.libgcc.fixed
                0x00000000        0x0 a:/atmel studio/7.0/toolchain/avr8/avr8-gnu-toolchain/bin/../lib/gcc/avr/5.4.0/avr5\libgcc.a(_divmodsi4.o)
 .text          0x00000000        0x0 a:/atmel studio/7.0/toolchain/avr8/avr8-gnu-toolchain/bin/../lib/gcc/avr/5.4.0/avr5\libgcc.a(_negsi2.o)
 .data          0x00000000        0x0 a:/atmel studio/7.0/toolchain/avr8/avr8-gnu-toolchain/bin/../lib/gcc/avr/5.4.0/avr5\libgcc.a(_negsi2.o)
 .bss           0x00000000        0x0 a:/atmel studio/7.0/toolchain/avr8/avr8-gnu-toolchain/bin/../lib/gcc/avr/5.4.0/avr5\libgcc.a(_negsi2.o)
 .text.libgcc.mul
                0x00000000        0x0 a:/atmel studio/7.0/toolchain/avr8/avr8-gnu-toolchain/bin/../lib/gcc/avr/5.4.0/avr5\libgcc.a(_negsi2.o)
 .text.libgcc   0x00000000        0x0 a:/atmel studio/7.0/toolchain/avr8/avr8-gnu-toolchain/bin/../lib/gcc/avr/5.4.0/avr5\libgcc.a(_negsi2.o)
 .text.libgcc.prologue
                0x00000000        0x0 a:/atmel studio/7.0/toolchain/avr8/avr8-gnu-toolchain/bin/../lib/gcc/avr/5.4.0/avr5\libgcc.a(_negsi2.o)
 .text.libgcc.builtins
                0x00000000        0x0 a:/atmel studio/7.0/toolchain/avr8/avr8-gnu-toolchain/bin/../lib/gcc/avr/5.4.0/avr5\libgcc.a(_negsi2.o)
 .text.libgcc.fmul
                0x00000000        0x0 a:/atmel studio/7.0/toolchain/avr8/avr8-gnu-toolchain/bin/../lib/gcc/avr/5.4.0/avr5\libgcc.a(_negsi2.o)
 .text.libgcc.fixed
                0x00000000        0x0 a:/atmel studio/7.0/toolchain/avr8/avr8-gnu-toolchain/bin/../lib/gcc/avr/5.4.0/avr5\libgcc.a(_negsi2.o)
 .text          0x00000000        0x0 a:/atmel studio/7.0/toolchain/avr8/avr8-gnu-toolchain/bin/../lib/gcc/avr/5.4.0/avr5\libgcc.a(_muluhisi3.o)
 .data          0x00000000        0x0 a:/atmel studio/7.0/toolchain/avr8/avr8-gnu-toolchain/bin/../lib/gcc/avr/5.4.0/avr5\libgcc.a(_muluhisi3.o)
 .bss           0x00000000        0x0 a:/atmel studio/7.0/toolchain/avr8/avr8-gnu-toolchain/bin/../lib/gcc/avr/5.4.0/avr5\libgcc.a(_muluhisi3.o)
 .text.libgcc.div
                0x00000000        0x0 a:/atmel studio/7.0/toolchain/avr8/avr8-gnu-toolchain/bin/../lib/gcc/avr/5.4.0/avr5\libgcc.a(_muluhisi3.o)
 .text.libgcc   0x00000000        0x0 a:/atmel studio/7.0/toolchain/avr8/avr8-gnu-toolchain/bin/../lib/gcc/avr/5.4.0/avr5\libgcc.a(_muluhisi3.o)
 .text.libgcc.prologue
                0x00000000        0x0 a:/atmel studio/7.0/toolchain/avr8/avr8-gnu-toolchain/bin/../lib/gcc/avr/5.4.0/avr5\libgcc.a(_muluhisi3.o)
 .text.libgcc.builtins
                0x00000000        0x0 a:/atmel studio/7.0/toolchain/avr8/avr8-gnu-toolchain/bin/../lib/gcc/avr/5.4.0/avr5\libgcc.a(_muluhisi3.o)
 .text.libgcc.fmul
                0x00000000        0x0 a:/atmel studio/7.0/toolchain/avr8/avr8-gnu-toolchain/bin/../lib/gcc/avr/5.4.0/avr5\libgcc.a(_muluhisi3.o)
 .text.libgcc.fixed
                0x00000000        0x0 a:/atmel studio/7.0/toolchain/avr8/avr8-gnu-toolchain/bin/../lib/gcc/avr/5.4.0/avr5\libgcc.a(_muluhisi3.o)
 .text          0x00000000        0x0 a:/atmel studio/7.0/toolchain/avr8/avr8-gnu-toolchain/bin/../lib/gcc/avr/5.4.0/avr5\libgcc.a(_mulshisi3.o)
 .data          0x00000000        0x0 a:/atmel studio/7.0/toolchain/avr8/avr8-gnu-toolchain/bin/../lib/gcc/avr/5.4.0/avr5\libgcc.a(_mulshisi3.o)
 .bss           0x00000000        0x0 a:/atmel studio/7.0/toolchain/avr8/avr8-gnu-toolchain/bin/../lib/gcc/avr/5.4.0/avr5\libgcc.a(_mulshisi3.o)
 .text.libgcc.div
                0x00000000        0x0 a:/atmel studio/7.0/toolchain/avr8/avr8-gnu-toolchain/bin/../lib/gcc/avr/5.4.0/avr5\libgcc.a(_mulshisi3.o)
 .text.libgcc   0x00000000        0x0 a:/atmel studio/7.0/toolchain/avr8/avr8-gnu-toolchain/bin/../lib/gcc/avr/5.4.0/avr5\libgcc.a(_mulshisi3.o)
 .text.libgcc.prologue
                0x00000000        0x0 a:/atmel studio/7.0/toolchain/avr8/avr8-gnu-toolchain/bin/../lib/gcc/avr/5.4.0/avr5\libgcc.a(_mulshisi3.o)
 .text.libgcc.builtins
                0x00000000        0x0 a:/atmel studio/7.0/toolchain/avr8/avr8-gnu-toolchain/bin/../lib/gcc/avr/5.4.0/avr5\libgcc.a(_mulshisi3.o)
 .text.libgcc.fmul
                0x00000000        0x0 a:/atmel studio/7.0/toolchain/avr8/avr8-gnu-toolchain/bin/../lib/gcc/avr/5.4.0/avr5\libgcc.a(_mulshisi3.o)
 .text.libgcc.fixed
                0x00000000        0x0 a:/atmel studio/7.0/toolchain/avr8/avr8-gnu-toolchain/bin/../lib/gcc/avr/5.4.0/avr5\libgcc.a(_mulshisi3.o)
 .text          0x00000000        0x0 a:/atmel studio/7.0/toolchain/avr8/avr8-gnu-toolchain/bin/../lib/gcc/avr/5.4.0/avr5\libgcc.a(_umulhisi3.o)
 .data          0x00000000        0x0 a:/atmel studio/7.0/toolchain/avr8/avr8-gnu-toolchain/bin/../lib/gcc/avr/5.4.0/avr5\libgcc.a(_umulhisi3.o)
 .bss           0x00000000        0x0 a:/atmel studio/7.0/toolchain/avr8/avr8-gnu-toolchain/bin/../lib/gcc/avr/5.4.0/avr5\libgcc.a(_umulhisi3.o)
 .text.libgcc.div
                0x00000000        0x0 a:/atmel studio/7.0/toolchain/avr8/avr8-gnu-toolchain/bin/../lib/gcc/avr/5.4.0/avr5\libgcc.a(_umulhisi3.o)
 .text.libgcc   0x00000000        0x0 a:/atmel studio/7.0/toolchain/avr8/avr8-gnu-toolchain/bin/../lib/gcc/avr/5.4.0/avr5\libgcc.a(_umulhisi3.o)
 .text.libgcc.prologue
                0x00000000        0x0 a:/atmel studio/7.0/toolchain/avr8/avr8-gnu-toolchain/bin/../lib/gcc/avr/5.4.0/avr5\libgcc.a(_umulhisi3.o)
 .text.libgcc.builtins
                0x00000000        0x0 a:/atmel studio/7.0/toolchain/avr8/avr8-gnu-toolchain/bin/../lib/gcc/avr/5.4.0/avr5\libgcc.a(_umulhisi3.o)
 .text.libgcc.fmul
                0x00000000        0x0 a:/atmel studio/7.0/toolchain/avr8/avr8-gnu-toolchain/bin/../lib/gcc/avr/5.4.0/avr5\libgcc.a(_umulhisi3.o)
 .text.libgcc.fixed
                0x00000000        0x0 a:/atmel studio/7.0/toolchain/avr8/avr8-gnu-toolchain/bin/../lib/gcc/avr/5.4.0/avr5\libgcc.a(_umulhisi3.o)

Memory Configuration

Name             Origin             Length             Attributes
text             0x00000000         0x00008000         xr
data             0x00800060         0x00000800         rw !x
eeprom           0x00810000         0x00000400         rw !x
fuse             0x00820000         0x00000002         rw !x
lock             0x00830000         0x00000400         rw !x
signature        0x00840000         0x00000400         rw !x
user_signatures  0x00850000         0x00000400         rw !x
*default*        0x00000000         0xffffffff

Linker script and memory map

LOAD a:/atmel studio/7.0/toolchain/avr8/avr8-gnu-toolchain/bin/../lib/gcc/avr/5.4.0/../../../../avr/lib/avr5/crtatmega32.o
LOAD HAL/EEPROM/src/EEPROM.o
LOAD HAL/Keypad/src/Keypad.o
LOAD HAL/LCD/src/LCD.o
LOAD HAL/LED/src/LED.o
LOAD HAL/LM35/src/LM35.o
LOAD HAL/PWM/src/PWM.o
LOAD HAL/SSD/src/SSD.o
LOAD HAL/ULTRASONIC/src/Ultrasonic.o
LOAD main.o
LOAD MCAL/ADC/src/ADC.o
LOAD MCAL/DIO/src/DIO.o
LOAD MCAL/DIO/src/DIO_CFG.o
LOAD MCAL/Ext_Int/src/Ext_Int.o
LOAD MCAL/GINT/src/GINT.o
LOAD MCAL/SPI/src/SPI.o
LOAD MCAL/TIMER/TIMER1/src/TIMER1.o
LOAD MCAL/TWI/src/TWI.o
LOAD MCAL/UART/src/UART.o
START GROUP
LOAD a:/atmel studio/7.0/toolchain/avr8/avr8-gnu-toolchain/bin/../lib/gcc/avr/5.4.0/../../../../avr/lib/avr5\libm.a
END GROUP
START GROUP
LOAD a:/atmel studio/7.0/toolchain/avr8/avr8-gnu-toolchain/bin/../lib/gcc/avr/5.4.0/avr5\libgcc.a
LOAD a:/atmel studio/7.0/toolchain/avr8/avr8-gnu-toolchain/bin/../lib/gcc/avr/5.4.0/../../../../avr/lib/avr5\libm.a
LOAD a:/atmel studio/7.0/toolchain/avr8/avr8-gnu-toolchain/bin/../lib/gcc/avr/5.4.0/../../../../avr/lib/avr5\libc.a
LOAD a:/atmel studio/7.0/toolchain/avr8/avr8-gnu-toolchain/bin/../lib/gcc/avr/5.4.0/../../../../avr/lib/avr5\libatmega32.a
END GROUP
                0x00000000                __TEXT_REGION_ORIGIN__ = DEFINED (__TEXT_REGION_ORIGIN__)?__TEXT_REGION_ORIGIN__:0x0
                [0x00800060]                __DATA_REGION_ORIGIN__ = DEFINED (__DATA_REGION_ORIGIN__)?__DATA_REGION_ORIGIN__:0x800060
                [0x00008000]                __TEXT_REGION_LENGTH__ = DEFINED (__TEXT_REGION_LENGTH__)?__TEXT_REGION_LENGTH__:0x20000
                [0x00000800]                __DATA_REGION_LENGTH__ = DEFINED (__DATA_REGION_LENGTH__)?__DATA_REGION_LENGTH__:0xffa0
                [0x00000400]                __EEPROM_REGION_LENGTH__ = DEFINED (__EEPROM_REGION_LENGTH__)?__EEPROM_REGION_LENGTH__:0x10000
                [0x00000002]                __FUSE_REGION_LENGTH__ = DEFINED (__FUSE_REGION_LENGTH__)?__FUSE_REGION_LENGTH__:0x400
                0x00000400                __LOCK_REGION_LENGTH__ = DEFINED (__LOCK_REGION_LENGTH__)?__LOCK_REGION_LENGTH__:0x400
                0x00000400                __SIGNATURE_REGION_LENGTH__ = DEFINED (__SIGNATURE_REGION_LENGTH__)?__SIGNATURE_REGION_LENGTH__:0x400
                0x00000400                __USER_SIGNATURE_REGION_LENGTH__ = DEFINED (__USER_SIGNATURE_REGION_LENGTH__)?__USER_SIGNATURE_REGION_LENGTH__:0x400

.hash
 *(.hash)

.dynsym
 *(.dynsym)

.dynstr
 *(.dynstr)

.gnu.version
 *(.gnu.version)

.gnu.version_d
 *(.gnu.version_d)

.gnu.version_r
 *(.gnu.version_r)

.rel.init
 *(.rel.init)

.rela.init
 *(.rela.init)

.rel.text
 *(.rel.text)
 *(.rel.text.*)
 *(.rel.gnu.linkonce.t*)

.rela.text
 *(.rela.text)
 *(.rela.text.*)
 *(.rela.gnu.linkonce.t*)

.rel.fini
 *(.rel.fini)

.rela.fini
 *(.rela.fini)

.rel.rodata
 *(.rel.rodata)
 *(.rel.rodata.*)
 *(.rel.gnu.linkonce.r*)

.rela.rodata
 *(.rela.rodata)
 *(.rela.rodata.*)
 *(.rela.gnu.linkonce.r*)

.rel.data
 *(.rel.data)
 *(.rel.data.*)
 *(.rel.gnu.linkonce.d*)

.rela.data
 *(.rela.data)
 *(.rela.data.*)
 *(.rela.gnu.linkonce.d*)

.rel.ctors
 *(.rel.ctors)

.rela.ctors
 *(.rela.ctors)

.rel.dtors
 *(.rel.dtors)

.rela.dtors
 *(.rela.dtors)

.rel.got
 *(.rel.got)

.rela.got
 *(.rela.got)

.rel.bss
 *(.rel.bss)

.rela.bss
 *(.rela.bss)

.rel.plt
 *(.rel.plt)

.rela.plt
 *(.rela.plt)

.text           0x00000000      0x716
 *(.vectors)
 .vectors       0x00000000       0x54 a:/atmel studio/7.0/toolchain/avr8/avr8-gnu-toolchain/bin/../lib/gcc/avr/5.4.0/../../../../avr/lib/avr5/crtatmega32.o
                0x00000000                __vector_default
                0x00000000                __vectors
 *(.vectors)
 *(.progmem.gcc*)
                0x00000054                . = ALIGN (0x2)
                0x00000054                __trampolines_start = .
 *(.trampolines)
 .trampolines   0x00000054        0x0 linker stubs
 *(.trampolines*)
                0x00000054                __trampolines_end = .
 *libprintf_flt.a:*(.progmem.data)
 *libc.a:*(.progmem.data)
 *(.progmem*)
                0x00000054                . = ALIGN (0x2)
 *(.jumptables)
 *(.jumptables*)
 *(.lowtext)
 *(.lowtext*)
                0x00000054                __ctors_start = .
 *(.ctors)
                0x00000054                __ctors_end = .
                0x00000054                __dtors_start = .
 *(.dtors)
                0x00000054                __dtors_end = .
 SORT(*)(.ctors)
 SORT(*)(.dtors)
 *(.init0)
 .init0         0x00000054        0x0 a:/atmel studio/7.0/toolchain/avr8/avr8-gnu-toolchain/bin/../lib/gcc/avr/5.4.0/../../../../avr/lib/avr5/crtatmega32.o
                0x00000054                __init
 *(.init0)
 *(.init1)
 *(.init1)
 *(.init2)
 .init2         0x00000054        0xc a:/atmel studio/7.0/toolchain/avr8/avr8-gnu-toolchain/bin/../lib/gcc/avr/5.4.0/../../../../avr/lib/avr5/crtatmega32.o
 *(.init2)
 *(.init3)
 *(.init3)
 *(.init4)
 .init4         0x00000060       0x16 a:/atmel studio/7.0/toolchain/avr8/avr8-gnu-toolchain/bin/../lib/gcc/avr/5.4.0/avr5\libgcc.a(_copy_data.o)
                0x00000060                __do_copy_data
 .init4         0x00000076       0x10 a:/atmel studio/7.0/toolchain/avr8/avr8-gnu-toolchain/bin/../lib/gcc/avr/5.4.0/avr5\libgcc.a(_clear_bss.o)
                0x00000076                __do_clear_bss
 *(.init4)
 *(.init5)
 *(.init5)
 *(.init6)
 *(.init6)
 *(.init7)
 *(.init7)
 *(.init8)
 *(.init8)
 *(.init9)
 .init9         0x00000086        0x8 a:/atmel studio/7.0/toolchain/avr8/avr8-gnu-toolchain/bin/../lib/gcc/avr/5.4.0/../../../../avr/lib/avr5/crtatmega32.o
 *(.init9)
 *(.text)
 .text          0x0000008e        0x4 a:/atmel studio/7.0/toolchain/avr8/avr8-gnu-toolchain/bin/../lib/gcc/avr/5.4.0/../../../../avr/lib/avr5/crtatmega32.o
                0x0000008e                __vector_12
                0x0000008e                __bad_interrupt
                0x0000008e                __vector_6
                0x0000008e                __vector_11
                0x0000008e                __vector_13
                0x0000008e                __vector_17
                0x0000008e                __vector_19
                0x0000008e                __vector_5
                0x0000008e                __vector_4
                0x0000008e                __vector_15
                0x0000008e                __vector_14
                0x0000008e                __vector_10
                0x0000008e                __vector_16
                0x0000008e                __vector_18
                0x0000008e                __vector_20
                0x00000092                . = ALIGN (0x2)
 *(.text.*)
 .text.EEPROM_WriteByte
                0x00000092       0x40 HAL/EEPROM/src/EEPROM.o
                0x00000092                EEPROM_WriteByte
 .text.EEPROM_ReadByte
                0x000000d2       0x64 HAL/EEPROM/src/EEPROM.o
                0x000000d2                EEPROM_ReadByte
 .text.LED_Toggle
                0x00000136        0x6 HAL/LED/src/LED.o
                0x00000136                LED_Toggle
 .text.main     0x0000013c       0x52 main.o
                0x0000013c                main
 .text.DIO_ToggleChannel
                0x0000018e       0x82 MCAL/DIO/src/DIO.o
                0x0000018e                DIO_ToggleChannel
 .text.DIO_Init
                0x00000210      0x102 MCAL/DIO/src/DIO_CFG.o
                0x00000210                DIO_Init
 .text.__vector_1
                0x00000312       0x4e MCAL/Ext_Int/src/Ext_Int.o
                0x00000312                __vector_1
 .text.__vector_2
                0x00000360       0x4e MCAL/Ext_Int/src/Ext_Int.o
                0x00000360                __vector_2
 .text.__vector_3
                0x000003ae       0x4e MCAL/Ext_Int/src/Ext_Int.o
                0x000003ae                __vector_3
 .text.__vector_9
                0x000003fc       0x4e MCAL/TIMER/TIMER1/src/TIMER1.o
                0x000003fc                __vector_9
 .text.__vector_7
                0x0000044a       0x4e MCAL/TIMER/TIMER1/src/TIMER1.o
                0x0000044a                __vector_7
 .text.__vector_8
                0x00000498       0x4e MCAL/TIMER/TIMER1/src/TIMER1.o
                0x00000498                __vector_8
 .text.TWI_Init
                0x000004e6        0x8 MCAL/TWI/src/TWI.o
                0x000004e6                TWI_Init
 .text.TWI_Send
                0x000004ee       0x2c MCAL/TWI/src/TWI.o
                0x000004ee                TWI_Send
 .text.TWI_Start
                0x0000051a       0x2a MCAL/TWI/src/TWI.o
                0x0000051a                TWI_Start
 .text.TWI_Stop
                0x00000544       0x20 MCAL/TWI/src/TWI.o
                0x00000544                TWI_Stop
 .text.TWI_Read_NAck
                0x00000564       0x30 MCAL/TWI/src/TWI.o
                0x00000564                TWI_Read_NAck
 .text.libgcc.div
                0x00000594       0x44 a:/atmel studio/7.0/toolchain/avr8/avr8-gnu-toolchain/bin/../lib/gcc/avr/5.4.0/avr5\libgcc.a(_udivmodsi4.o)
                0x00000594                __udivmodsi4
 .text.avr-libc
                0x000005d8       0xb8 a:/atmel studio/7.0/toolchain/avr8/avr8-gnu-toolchain/bin/../lib/gcc/avr/5.4.0/../../../../avr/lib/avr5\libc.a(rand.o)
                0x0000066a                rand_r
                0x00000670                rand
                0x0000067a                srand
 .text.libgcc.div
                0x00000690       0x2e a:/atmel studio/7.0/toolchain/avr8/avr8-gnu-toolchain/bin/../lib/gcc/avr/5.4.0/avr5\libgcc.a(_divmodsi4.o)
                0x00000690                __divmodsi4
 .text.libgcc.div
                0x000006be       0x10 a:/atmel studio/7.0/toolchain/avr8/avr8-gnu-toolchain/bin/../lib/gcc/avr/5.4.0/avr5\libgcc.a(_negsi2.o)
                0x000006be                __negsi2
 .text.libgcc.mul
                0x000006ce       0x16 a:/atmel studio/7.0/toolchain/avr8/avr8-gnu-toolchain/bin/../lib/gcc/avr/5.4.0/avr5\libgcc.a(_muluhisi3.o)
                0x000006ce                __muluhisi3
 .text.libgcc.mul
                0x000006e4       0x10 a:/atmel studio/7.0/toolchain/avr8/avr8-gnu-toolchain/bin/../lib/gcc/avr/5.4.0/avr5\libgcc.a(_mulshisi3.o)
                0x000006e4                __mulshisi3
                0x000006ea                __mulohisi3
 .text.libgcc.mul
                0x000006f4       0x1e a:/atmel studio/7.0/toolchain/avr8/avr8-gnu-toolchain/bin/../lib/gcc/avr/5.4.0/avr5\libgcc.a(_umulhisi3.o)
                0x000006f4                __umulhisi3
                0x00000712                . = ALIGN (0x2)
 *(.fini9)
 .fini9         0x00000712        0x0 a:/atmel studio/7.0/toolchain/avr8/avr8-gnu-toolchain/bin/../lib/gcc/avr/5.4.0/avr5\libgcc.a(_exit.o)
                0x00000712                _exit
                0x00000712                exit
 *(.fini9)
 *(.fini8)
 *(.fini8)
 *(.fini7)
 *(.fini7)
 *(.fini6)
 *(.fini6)
 *(.fini5)
 *(.fini5)
 *(.fini4)
 *(.fini4)
 *(.fini3)
 *(.fini3)
 *(.fini2)
 *(.fini2)
 *(.fini1)
 *(.fini1)
 *(.fini0)
 .fini0         0x00000712        0x4 a:/atmel studio/7.0/toolchain/avr8/avr8-gnu-toolchain/bin/../lib/gcc/avr/5.4.0/avr5\libgcc.a(_exit.o)
 *(.fini0)
                0x00000716                _etext = .

.data           0x00800060       0x44 load address 0x00000716
                0x00800060                PROVIDE (__data_start, .)
 *(.data)
 .data          0x00800060        0x4 a:/atmel studio/7.0/toolchain/avr8/avr8-gnu-toolchain/bin/../lib/gcc/avr/5.4.0/../../../../avr/lib/avr5\libc.a(rand.o)
 *(.data*)
 .data.PinCfg   0x00800064       0x40 MCAL/DIO/src/DIO_CFG.o
                0x00800064                PinCfg
 *(.gnu.linkonce.d*)
 *(.rodata)
 *(.rodata*)
 *(.gnu.linkonce.r*)
                0x008000a4                . = ALIGN (0x2)
                0x008000a4                _edata = .
                0x008000a4                PROVIDE (__data_end, .)

.bss            0x008000a4        0xc
                0x008000a4                PROVIDE (__bss_start, .)
 *(.bss)
 *(.bss*)
 .bss.ExtInt2FunPtr
                0x008000a4        0x2 MCAL/Ext_Int/src/Ext_Int.o
                0x008000a4                ExtInt2FunPtr
 .bss.ExtInt1FunPtr
                0x008000a6        0x2 MCAL/Ext_Int/src/Ext_Int.o
                0x008000a6                ExtInt1FunPtr
 .bss.ExtInt0FunPtr
                0x008000a8        0x2 MCAL/Ext_Int/src/Ext_Int.o
                0x008000a8                ExtInt0FunPtr
 .bss.Timer1_OC1BIntFunPtr
                0x008000aa        0x2 MCAL/TIMER/TIMER1/src/TIMER1.o
                0x008000aa                Timer1_OC1BIntFunPtr
 .bss.Timer1_OC1AIntFunPtr
                0x008000ac        0x2 MCAL/TIMER/TIMER1/src/TIMER1.o
                0x008000ac                Timer1_OC1AIntFunPtr
 .bss.Timer1_TOVIntFunPtr
                0x008000ae        0x2 MCAL/TIMER/TIMER1/src/TIMER1.o
                0x008000ae                Timer1_TOVIntFunPtr
 *(COMMON)
                0x008000b0                PROVIDE (__bss_end, .)
                0x00000716                __data_load_start = LOADADDR (.data)
                0x0000075a                __data_load_end = (__data_load_start + SIZEOF (.data))

.noinit         0x008000b0        0x0
                [!provide]                PROVIDE (__noinit_start, .)
 *(.noinit*)
                [!provide]                PROVIDE (__noinit_end, .)
                0x008000b0                _end = .
                [!provide]                PROVIDE (__heap_start, .)

.eeprom         0x00810000        0x0
 *(.eeprom*)
                0x00810000                __eeprom_end = .

.fuse
 *(.fuse)
 *(.lfuse)
 *(.hfuse)
 *(.efuse)

.lock
 *(.lock*)

.signature
 *(.signature*)

.user_signatures
 *(.user_signatures*)

.stab
 *(.stab)

.stabstr
 *(.stabstr)

.stab.excl
 *(.stab.excl)

.stab.exclstr
 *(.stab.exclstr)

.stab.index
 *(.stab.index)

.stab.indexstr
 *(.stab.indexstr)

.comment        0x00000000       0x30
 *(.comment)
 .comment       0x00000000       0x30 HAL/EEPROM/src/EEPROM.o
                                 0x31 (size before relaxing)
 .comment       0x00000030       0x31 HAL/LED/src/LED.o
 .comment       0x00000030       0x31 main.o
 .comment       0x00000030       0x31 MCAL/DIO/src/DIO.o
 .comment       0x00000030       0x31 MCAL/DIO/src/DIO_CFG.o
 .comment       0x00000030       0x31 MCAL/Ext_Int/src/Ext_Int.o
 .comment       0x00000030       0x31 MCAL/TIMER/TIMER1/src/TIMER1.o
 .comment       0x00000030       0x31 MCAL/TWI/src/TWI.o
 .comment       0x00000030       0x31 a:/atmel studio/7.0/toolchain/avr8/avr8-gnu-toolchain/bin/../lib/gcc/avr/5.4.0/../../../../avr/lib/avr5\libc.a(rand.o)

.note.gnu.avr.deviceinfo
                0x00000000       0x3c
 .note.gnu.avr.deviceinfo
                0x00000000       0x3c a:/atmel studio/7.0/toolchain/avr8/avr8-gnu-toolchain/bin/../lib/gcc/avr/5.4.0/../../../../avr/lib/avr5/crtatmega32.o

.note.gnu.build-id
 *(.note.gnu.build-id)

.debug
 *(.debug)

.line
 *(.line)

.debug_srcinfo
 *(.debug_srcinfo)

.debug_sfnames
 *(.debug_sfnames)

.debug_aranges  0x00000000      0x1f0
 *(.debug_aranges)
 .debug_aranges
                0x00000000       0x28 HAL/EEPROM/src/EEPROM.o
 .debug_aranges
                0x00000028       0x30 HAL/LED/src/LED.o
 .debug_aranges
                0x00000058       0x20 main.o
 .debug_aranges
                0x00000078       0x50 MCAL/DIO/src/DIO.o
 .debug_aranges
                0x000000c8       0x20 MCAL/DIO/src/DIO_CFG.o
 .debug_aranges
                0x000000e8       0x50 MCAL/Ext_Int/src/Ext_Int.o
 .debug_aranges
                0x00000138       0x68 MCAL/TIMER/TIMER1/src/TIMER1.o
 .debug_aranges
                0x000001a0       0x50 MCAL/TWI/src/TWI.o

.debug_pubnames
 *(.debug_pubnames)

.debug_info     0x00000000     0x1d98
 *(.debug_info .gnu.linkonce.wi.*)
 .debug_info    0x00000000      0x4e6 a:/atmel studio/7.0/toolchain/avr8/avr8-gnu-toolchain/bin/../lib/gcc/avr/5.4.0/../../../../avr/lib/avr5/crtatmega32.o
 .debug_info    0x000004e6      0x242 HAL/EEPROM/src/EEPROM.o
 .debug_info    0x00000728      0x21a HAL/LED/src/LED.o
 .debug_info    0x00000942      0x2ff main.o
 .debug_info    0x00000c41      0x3ab MCAL/DIO/src/DIO.o
 .debug_info    0x00000fec      0x24f MCAL/DIO/src/DIO_CFG.o
 .debug_info    0x0000123b      0x222 MCAL/Ext_Int/src/Ext_Int.o
 .debug_info    0x0000145d      0x62f MCAL/TIMER/TIMER1/src/TIMER1.o
 .debug_info    0x00001a8c      0x30c MCAL/TWI/src/TWI.o

.debug_abbrev   0x00000000      0xc69
 *(.debug_abbrev)
 .debug_abbrev  0x00000000      0x4a3 a:/atmel studio/7.0/toolchain/avr8/avr8-gnu-toolchain/bin/../lib/gcc/avr/5.4.0/../../../../avr/lib/avr5/crtatmega32.o
 .debug_abbrev  0x000004a3       0xd2 HAL/EEPROM/src/EEPROM.o
 .debug_abbrev  0x00000575       0x98 HAL/LED/src/LED.o
 .debug_abbrev  0x0000060d      0x162 main.o
 .debug_abbrev  0x0000076f       0xdd MCAL/DIO/src/DIO.o
 .debug_abbrev  0x0000084c       0xbb MCAL/DIO/src/DIO_CFG.o
 .debug_abbrev  0x00000907       0xcf MCAL/Ext_Int/src/Ext_Int.o
 .debug_abbrev  0x000009d6      0x140 MCAL/TIMER/TIMER1/src/TIMER1.o
 .debug_abbrev  0x00000b16      0x153 MCAL/TWI/src/TWI.o

.debug_line     0x00000000      0xeb0
 *(.debug_line .debug_line.* .debug_line_end)
 .debug_line    0x00000000       0x1a a:/atmel studio/7.0/toolchain/avr8/avr8-gnu-toolchain/bin/../lib/gcc/avr/5.4.0/../../../../avr/lib/avr5/crtatmega32.o
 .debug_line    0x0000001a       0xea HAL/EEPROM/src/EEPROM.o
 .debug_line    0x00000104       0xb9 HAL/LED/src/LED.o
 .debug_line    0x000001bd      0x1c7 main.o
 .debug_line    0x00000384      0x2ae MCAL/DIO/src/DIO.o
 .debug_line    0x00000632      0x102 MCAL/DIO/src/DIO_CFG.o
 .debug_line    0x00000734      0x1ba MCAL/Ext_Int/src/Ext_Int.o
 .debug_line    0x000008ee      0x3cb MCAL/TIMER/TIMER1/src/TIMER1.o
 .debug_line    0x00000cb9      0x1f7 MCAL/TWI/src/TWI.o

.debug_frame    0x00000000      0x4e8
 *(.debug_frame)
 .debug_frame   0x00000000       0x60 HAL/EEPROM/src/EEPROM.o
 .debug_frame   0x00000060       0x44 HAL/LED/src/LED.o
 .debug_frame   0x000000a4       0x24 main.o
 .debug_frame   0x000000c8       0x84 MCAL/DIO/src/DIO.o
 .debug_frame   0x0000014c       0x24 MCAL/DIO/src/DIO_CFG.o
 .debug_frame   0x00000170      0x15c MCAL/Ext_Int/src/Ext_Int.o
 .debug_frame   0x000002cc      0x198 MCAL/TIMER/TIMER1/src/TIMER1.o
 .debug_frame   0x00000464       0x84 MCAL/TWI/src/TWI.o

.debug_str      0x00000000      0xe9b
 *(.debug_str)
 .debug_str     0x00000000      0x196 a:/atmel studio/7.0/toolchain/avr8/avr8-gnu-toolchain/bin/../lib/gcc/avr/5.4.0/../../../../avr/lib/avr5/crtatmega32.o
 .debug_str     0x00000196      0x1cf HAL/EEPROM/src/EEPROM.o
                                0x212 (size before relaxing)
 .debug_str     0x00000365      0x23e HAL/LED/src/LED.o
                                0x377 (size before relaxing)
 .debug_str     0x000005a3       0x79 main.o
                                0x3e5 (size before relaxing)
 .debug_str     0x0000061c      0x10d MCAL/DIO/src/DIO.o
                                0x450 (size before relaxing)
 .debug_str     0x00000729       0x32 MCAL/DIO/src/DIO_CFG.o
                                0x3d7 (size before relaxing)
 .debug_str     0x0000075b      0x13d MCAL/Ext_Int/src/Ext_Int.o
                                0x2b9 (size before relaxing)
 .debug_str     0x00000898      0x52f MCAL/TIMER/TIMER1/src/TIMER1.o
                                0x6ab (size before relaxing)
 .debug_str     0x00000dc7       0xd4 MCAL/TWI/src/TWI.o
                                0x29a (size before relaxing)

.debug_loc      0x00000000     0x1318
 *(.debug_loc)
 .debug_loc     0x00000000      0x272 HAL/EEPROM/src/EEPROM.o
 .debug_loc     0x00000272       0x63 HAL/LED/src/LED.o
 .debug_loc     0x000002d5       0x71 main.o
 .debug_loc     0x00000346      0x776 MCAL/DIO/src/DIO.o
 .debug_loc     0x00000abc      0x134 MCAL/DIO/src/DIO_CFG.o
 .debug_loc     0x00000bf0      0x3b8 MCAL/Ext_Int/src/Ext_Int.o
 .debug_loc     0x00000fa8      0x2c6 MCAL/TIMER/TIMER1/src/TIMER1.o
 .debug_loc     0x0000126e       0xaa MCAL/TWI/src/TWI.o

.debug_macinfo
 *(.debug_macinfo)

.debug_weaknames
 *(.debug_weaknames)

.debug_funcnames
 *(.debug_funcnames)

.debug_typenames
 *(.debug_typenames)

.debug_varnames
 *(.debug_varnames)

.debug_pubtypes
 *(.debug_pubtypes)

.debug_ranges   0x00000000      0x170
 *(.debug_ranges)
 .debug_ranges  0x00000000       0x18 HAL/EEPROM/src/EEPROM.o
 .debug_ranges  0x00000018       0x20 HAL/LED/src/LED.o
 .debug_ranges  0x00000038       0x10 main.o
 .debug_ranges  0x00000048       0x40 MCAL/DIO/src/DIO.o
 .debug_ranges  0x00000088       0x10 MCAL/DIO/src/DIO_CFG.o
 .debug_ranges  0x00000098       0x40 MCAL/Ext_Int/src/Ext_Int.o
 .debug_ranges  0x000000d8       0x58 MCAL/TIMER/TIMER1/src/TIMER1.o
 .debug_ranges  0x00000130       0x40 MCAL/TWI/src/TWI.o

.debug_macro
 *(.debug_macro)
OUTPUT(OCT22_Interfacing.elf elf32-avr)
LOAD linker stubs
